[backblue.gif]
[fade.gif]
[index.html]
[external.html]
[info.cern.ch/index.html]
[info.cern.ch/hypertext/WWW/TheProject.html]
[info.cern.ch/hypertext/WWW/WhatIs.html]
[info.cern.ch/hypertext/WWW/Summary.html]
[info.cern.ch/hypertext/WWW/Policy.html]
[info.cern.ch/hypertext/WWW/News/9211.html]
[info.cern.ch/hypertext/WWW/FAQ/List.html]
[info.cern.ch/hypertext/DataSources/Top.html]
[info.cern.ch/hypertext/DataSources/bySubject/Overview.html]
[info.cern.ch/hypertext/DataSources/WWW/Servers.html]
[info.cern.ch/hypertext/WWW/Help.html]
[info.cern.ch/hypertext/WWW/Status.html]
[info.cern.ch/hypertext/WWW/LineMode/Browser.html]
[info.cern.ch/hypertext/WWW/NeXT/WorldWideWeb.html]
[info.cern.ch/hypertext/WWW/Daemon/Overview.html]
[info.cern.ch/hypertext/WWW/Tools/Overview.html]
[info.cern.ch/hypertext/WWW/MailRobot/Overview.html]
[info.cern.ch/hypertext/WWW/Technical.html]
[info.cern.ch/hypertext/WWW/Bibliography.html]
[info.cern.ch/hypertext/WWW/People.html]
[info.cern.ch/hypertext/WWW/History.html]
[info.cern.ch/hypertext/WWW/Helping.html]
[info.cern.ch/hypertext/README.html]
[info.cern.ch/hypertext/WWW/LineMode/Defaults/Distribution.html]
[info.cern.ch/hypertext/WWW/Terms.html]
[info.cern.ch/hypertext/WWW/Xanadu.html]
[info.cern.ch/hypertext/History.html]
[info.cern.ch/hypertext/Conferences/Overview.html]
[info.cern.ch/hypertext/Products/Overview.html]
[info.cern.ch/hypertext/Standards/Overview.html]
[info.cern.ch/hypertext/WWW/Protocols/HTTP/AsImplemented.html]
[info.cern.ch/hypertext/WWW/MarkUp/MarkUp.html]
[info.cern.ch/hypertext/WWW/JANETAccess.html]
[info.cern.ch/hypertext/WWW/MidasWWW/Status.html]
[info.cern.ch/hypertext/WWW/Macintosh/Status.html]
[info.cern.ch/hypertext/WWW/Curses/Release_00.html]
[info.cern.ch/hypertext/WWW/News/9209.html]
[info.cern.ch/hypertext/WWW/FAQ/Bootstrap.html]
[info.cern.ch/hypertext/WWW/FAQ/KeepingTrack.html]
[info.cern.ch/hypertext/WWW/FAQ/WAISandGopher.html]
[info.cern.ch/hypertext/WWW/FAQ/Server.html]
[info.cern.ch/hypertext/WWW/FAQ/NoInternet.html]
[info.cern.ch/hypertext/DataSources/ByAccess.html]
[info.cern.ch/hypertext/DataSources/byOrganisation/Overview.html]
[info.cern.ch/hypertext/DataSources/bySubject/Bio/Overview.html]
[info.cern.ch/hypertext/DataSources/bySubject/Networking.html]
[info.cern.ch/hypertext/DataSources/News/comp.html]
[info.cern.ch/hypertext/DataSources/bySubject/Computing/Languages.html]
[info.cern.ch/hypertext/DataSources/bySubject/Computing/Algorithms.html]
[info.cern.ch/hypertext/DataSources/Journals.html]
[info.cern.ch/hypertext/DataSources/bySubject/Physics/HEP.html]
[info.cern.ch/hypertext/Products/WAIS/Sources/Political.html]
[info.cern.ch/hypertext/DataSources/Archives/CoombsPapers.html]
[info.cern.ch/hypertext/WWW/Provider/Overview.html]
[info.cern.ch/hypertext/DataSources/WWW/UnstableServers.html]
[info.cern.ch/hypertext/DataSources/NewsFromVM/Overview.html]
[info.cern.ch/hypertext/WWW/LineMode/Defaults/QuickGuide.html]
[info.cern.ch/hypertext/WWW/Daemon/User/Guide.html]
[info.cern.ch/hypertext/WWW/Library/Status.html]
[info.cern.ch/hypertext/WWW/LineMode/Status.html]
[info.cern.ch/hypertext/WWW/Curses/Status.html]
[info.cern.ch/hypertext/WWW/Erwise/Status.html]
[info.cern.ch/hypertext/WWW/Viola/Status.html]
[info.cern.ch/hypertext/WWW/TkWWW/Status.html]
[info.cern.ch/hypertext/WWW/NeXT/Status.html]
[info.cern.ch/hypertext/WWW/VMClient/Status.html]
[info.cern.ch/hypertext/WWW/FineWWW/Status.html]
[info.cern.ch/hypertext/WWW/FIND/Status.html]
[info.cern.ch/hypertext/WWW/Daemon/Status.html]
[info.cern.ch/hypertext/WWW/Daemon/VMSGateStatus.html]
[info.cern.ch/hypertext/WWW/MailRobot/Status.html]
[info.cern.ch/hypertext/WWW/LineMode/More.html]
[info.cern.ch/hypertext/WWW/LineMode/DocIdeas.html]
[info.cern.ch/hypertext/WWW/LineMode/Defaults/Bugs.html]
[info.cern.ch/hypertext/WWW/LineMode/Internals.html]
[info.cern.ch/hypertext/WWW/LineMode/Defaults/Features.html]
[info.cern.ch/hypertext/WWW/NeXT/Menus.html]
[info.cern.ch/hypertext/WWW/NeXT/Installation.html]
[info.cern.ch/hypertext/WWW/NeXT/Implementation/Bugs.html]
[info.cern.ch/hypertext/WWW/NeXT/Implementation/SourceFiles.html]
[info.cern.ch/hypertext/WWW/NeXT/MakingDocuments.html]
[info.cern.ch/hypertext/WWW/Daemon/Basic.html]
[info.cern.ch/hypertext/WWW/Daemon/JanetAndJohn.html]
[info.cern.ch/hypertext/WWW/Provider/ShellScript.html]
[info.cern.ch/hypertext/WWW/FIND/Overview.html]
[info.cern.ch/hypertext/WWW/VMSHelp/Overview.html]
[info.cern.ch/hypertext/WWW/Daemon/WAISGate.html]
[info.cern.ch/hypertext/WWW/Daemon/DCLServer.html]
[info.cern.ch/hypertext/WWW/Daemon/System33/Gateway.html]
[info.cern.ch/hypertext/WWW/Daemon/Oracle/Overview.html]
[info.cern.ch/hypertext/WWW/Daemon/Geography/Overview.html]
[info.cern.ch/hypertext/TBL_Disclaimer.html]
[info.cern.ch/hypertext/WWW/Frame/fminit2.0/www_and_frame.html]
[info.cern.ch/hypertext/WWW/Tools/HTMLGeneration/Overview.html]
[info.cern.ch/hypertext/WWW/MailRobot/Help.html]
[info.cern.ch/hypertext/WWW/MailRobot/Installation.html]
[info.cern.ch/hypertext/WWW/MailRobot/Bugs.html]
[info.cern.ch/hypertext/WWW/MailRobot/Features.html]
[info.cern.ch/hypertext/WWW/Protocols/RelevantProtocols.html]
[info.cern.ch/hypertext/WWW/Addressing/Addressing.html]
[info.cern.ch/hypertext/WWW/DesignIssues/Overview.html]
[info.cern.ch/hypertext/WWW/RelatedProducts.html]
[info.cern.ch/hypertext/WWW/WorkingNotes/Overview.html]
[info.cern.ch/hypertext/WWW/Newsgroups.html]
[info.cern.ch/hypertext/WWW/Notation.html]
[info.cern.ch/hypertext/WWW/DesignIssues/DosDonts.html]
[info.cern.ch/hypertext/WWW/Project/Coding.html]
[info.cern.ch/hypertext/WWW/TheW3Book.html]
[info.cern.ch/hypertext/WWW/People/Groff.html]
[info.cern.ch/hypertext/WWW/People/Pellow.html]
[info.cern.ch/hypertext/WWW/Proposal.html]
[info.cern.ch/hypertext/WWW/Talks/Title.html]
[info.cern.ch/hypertext/WWW/Talks/C5_17_May_91.html]
[info.cern.ch/hypertext/WWW/Talks/ComputerSeminar.html]
[info.cern.ch/hypertext/Conferences/HT91/Overview.html]
[info.cern.ch/hypertext/Conferences/JENC92/Demonstrations.html]
[info.cern.ch/hypertext/Conferences/JENC92/Sessions.html]
[info.cern.ch/hypertext/WWW/IntroCVS.html]
[info.cern.ch/hypertext/WWW/Provider/Etiquette.html]
[info.cern.ch/hypertext/WWW/Bugs.html]
[info.cern.ch/hypertext/Copyright.html]
[info.cern.ch/hypertext/WWW/LineMode/Defaults/Installation.html]
[info.cern.ch/hypertext/Viola/Installation.html]
[info.cern.ch/hypertext/WWW/DesignIssues/Multiuser.html]
[info.cern.ch/hypertext/WWW/DesignIssues/BuildingBackLinks.html]
[info.cern.ch/hypertext/WWW/DesignIssues/Navigation.html]
[info.cern.ch/hypertext/WWW/DesignIssues/WhatIsAnIndex.html]
[info.cern.ch/hypertext/WWW/DesignIssues/Topology.html]
[info.cern.ch/hypertext/WWW/DesignIssues/Versioning.html]
[info.cern.ch/hypertext/Conferences/INET93/CFP.html]
[info.cern.ch/hypertext/Conferences/NSC92/CallForParticpation.html]
[info.cern.ch/hypertext/Conferences/JANET_UG_92/Annoucement.html]
[info.cern.ch/hypertext/Conferences/ECHT92/CallForParticipation.html]
[info.cern.ch/hypertext/Conferences/JENC92/Programme.html]
[info.cern.ch/hypertext/Conferences/IETF92/IETF-9203.html]
[info.cern.ch/hypertext/Conferences/CSCW92/CallForPapers.html]
[info.cern.ch/hypertext/Conferences/ECHT90/Introduction.html]
[info.cern.ch/hypertext/Products/Intermedia/IRIS.html]
[info.cern.ch/hypertext/DataSources/Overview.html]
[info.cern.ch/hypertext/Products/IRProducts/Overview.html]
[info.cern.ch/hypertext/MIME/Overview.html]
[info.cern.ch/hypertext/Products/Interes/Mail.html]
[info.cern.ch/hypertext/Products/MediaView/Mail.html]
[info.cern.ch/hypertext/Products/AMIX/Introduction.html]
[info.cern.ch/hypertext/Products/Gopher/Overview.html]
[info.cern.ch/hypertext/Products/Hyperbole/Overview.html]
[info.cern.ch/hypertext/Products/EHTS.html]
[info.cern.ch/hypertext/Products/WAIS/Overview.html]
[info.cern.ch/hypertext/Products/WAIS/DiscussionGroup.html]
[info.cern.ch/hypertext/Products/WAIS/Releases.html]
[info.cern.ch/hypertext/Products/Engelbart/Seminar.html]
[info.cern.ch/hypertext/Products/Xanadu/Xanadu.html]
[info.cern.ch/hypertext/Products/Intermedia/Intermedia.html]
[info.cern.ch/hypertext/Products/Guide/Guide.html]
[info.cern.ch/hypertext/Products/Guide/OWL.html]
[info.cern.ch/hypertext/Conferences/ECHT90/People.html]
[info.cern.ch/hypertext/Products/DynaText/Overview.html]
[info.cern.ch/hypertext/Products/DynaText/EBT.html]
[info.cern.ch/hypertext/Products/Microcosm/Microcosm.html]
[info.cern.ch/hypertext/Products/Doorway/Overview.html]
[info.cern.ch/hypertext/Standards/HyTime.html]
[info.cern.ch/hypertext/Standards/SIGHyper.html]
[info.cern.ch/hypertext/Standards/ISO/Overview.html]
[info.cern.ch/hypertext/Standards/Groupware/Overview.html]
[info.cern.ch/hypertext/Standards/XHelp/Overview.html]
[info.cern.ch/hypertext/WWW/MarkUp/Davenport/Overview.html]
[info.cern.ch/hypertext/WWW/DesignIssues/Naming.html]
[info.cern.ch/hypertext/WWW/DesignIssues/Formats.html]
[info.cern.ch/hypertext/Standards/PostScript/IPF.html]
[info.cern.ch/hypertext/WWW/Protocols/HTTP.html]
[info.cern.ch/hypertext/WWW/Addressing/HTTPAddressing.html]
[info.cern.ch/hypertext/WWW/Addressing/BNF.html]
[info.cern.ch/hypertext/WWW/Addressing/Search.html]
[info.cern.ch/hypertext/WWW/MarkUp/Tags.html]
[info.cern.ch/hypertext/WWW/MarkUp/SGML.html]
[info.cern.ch/hypertext/WWW/MarkUp/Text.html]
[info.cern.ch/hypertext/WWW/MarkUp/Entities.html]
[info.cern.ch/hypertext/WWW/Test/test.html]
[info.cern.ch/hypertext/WWW/MarkUp/FindingExamples.html]
[info.cern.ch/hypertext/WWW/MarkUp/Future.html]
[info.cern.ch/hypertext/WWW/MarkUp/HTMLConstraints.html]
[info.cern.ch/hypertext/WWW/MarkUp/Connolly/MarkUp.html]
[info.cern.ch/hypertext/WWW/MidasWWW/Announce1.html]
[info.cern.ch/hypertext/WWW/Macintosh/Overview.html]
[info.cern.ch/hypertext/WWW/News/9204.html]
[info.cern.ch/hypertext/DataSources/WAIS/BySource.html]
[info.cern.ch/hypertext/DataSources/WAIS/ByHost.html]
[info.cern.ch/hypertext/DataSources/News/Groups/Overview.html]
[info.cern.ch/hypertext/DataSources/Yanoff.html]
[info.cern.ch/hypertext/Products/WAIS/Sources/Commercial.html]
[info.cern.ch/hypertext/Products/WAIS/Sources/NewsGroupRelated.html]
[info.cern.ch/hypertext/DataSources/Archives/RFC_sites.html]
[info.cern.ch/hypertext/DataSources/bySubject/Networking/IncompleteGuide.html]
[info.cern.ch/hypertext/DataSources/bySubject/Internet/IETF_IS.html]
[info.cern.ch/hypertext/DataSources/CONCISE/UserGuide/Overview.html]
[info.cern.ch/hypertext/DataSources/bySubject/Internet/RIPE.html]
[info.cern.ch/hypertext/DataSources/News/Overview.html]
[info.cern.ch/hypertext/DataSources/News/fullcomp.html]
[info.cern.ch/hypertext/DataSources/News/OtherGroups/fnal.html]
[info.cern.ch/hypertext/DataSources/bySubject/Physics/Conferences/Overview.html]
[info.cern.ch/hypertext/WWW/Provider/AnonymousFTP.html]
[info.cern.ch/hypertext/WWW/Provider/ServerWriter.html]
[info.cern.ch/hypertext/WWW/Provider/ExistingData.html]
[info.cern.ch/hypertext/WWW/Provider/RadioButtons.html]
[info.cern.ch/hypertext/WWW/LineMode/Defaults/Commands.html]
[info.cern.ch/hypertext/WWW/LineMode/Defaults/CommandLine.html]
[info.cern.ch/hypertext/WWW/LineMode/Defaults/Shortcuts.html]
[info.cern.ch/hypertext/WWW/LineMode/Defaults/Customisation.html]
[info.cern.ch/hypertext/WWW/Daemon/User/Installation.html]
[info.cern.ch/hypertext/WWW/Daemon/User/Compilation.html]
[info.cern.ch/hypertext/WWW/Daemon/User/CommandLine.html]
[info.cern.ch/hypertext/WWW/Daemon/User/RuleFile.html]
[info.cern.ch/hypertext/WWW/Daemon/User/Debugging.html]
[info.cern.ch/hypertext/WWW/Daemon/Bugs.html]
[info.cern.ch/hypertext/WWW/Daemon/Features.html]
[info.cern.ch/hypertext/WWW/Library/Bugs.html]
[info.cern.ch/hypertext/WWW/Library/Features.html]
[info.cern.ch/hypertext/Erwise/Review.html]
[info.cern.ch/hypertext/Viola/Review.html]
[info.cern.ch/hypertext/WWW/X11/Overview.html]
[info.cern.ch/hypertext/WWW/NeXT/Implementation/Features.html]
[info.cern.ch/hypertext/WWW/FineWWW/Announcement_00.html]
[info.cern.ch/hypertext/WWW/FIND/Bugs.html]
[info.cern.ch/hypertext/WWW/VMSHelp/Bugs.html]
[info.cern.ch/hypertext/WWW/VMSHelp/Features.html]
[info.cern.ch/hypertext/WWW/LineMode/vm-cms/Overview.html]
[info.cern.ch/hypertext/WWW/LineMode/UsersGuide.html]
[info.cern.ch/hypertext/WWW/LineMode/Defaults/.....html]
[info.cern.ch/hypertext/WWW/Architecture/BrowserOverview.html]
[info.cern.ch/hypertext/WWW/LineMode/Defaults/NewsServer.html]
[info.cern.ch/hypertext/WWW/NeXT/CommandKeys.html]
[info.cern.ch/hypertext/WWW/NeXT/Styles.html]
[info.cern.ch/hypertext/WWW/NeXT/UsingNFS.html]
[info.cern.ch/hypertext/WWW/NeXT/Implementation/Upgrade.html]
[info.cern.ch/hypertext/WWW/NeXT/Implementation/WorldWideWeb.html]
[info.cern.ch/hypertext/WWW/MarkUp.html]
[info.cern.ch/hypertext/DataSources/WHO/FieldNames.html]
[info.cern.ch/hypertext/WWW/FIND/Features.html]
[info.cern.ch/hypertext/WWW/Daemon/FINDGate.html]
[info.cern.ch/hypertext/WWW/FIND/Stored.html]
[info.cern.ch/hypertext/WWW/Daemon/VMSHelpGate.html]
[info.cern.ch/hypertext/Products/WAIS/Sources/Overview.html]
[info.cern.ch/hypertext/WWW/Daemon/System33/gateway-2.html]
[info.cern.ch/hypertext/WWW/MarkUp/HTML2.html]
[info.cern.ch/hypertext/WWW/Addressing/FileAddressing.html]
[info.cern.ch/hypertext/WWW/Addressing/Relative.html]
[info.cern.ch/hypertext/WWW/Addressing/Escaping.html]
[info.cern.ch/hypertext/WWW/Addressing/NewsAddressing.html]
[info.cern.ch/hypertext/WWW/Addressing/TelnetAddressing.html]
[info.cern.ch/hypertext/WWW/Addressing/GopherAddressing.html]
[info.cern.ch/hypertext/WWW/Addressing/WAISAddressing.html]
[info.cern.ch/hypertext/Conferences/ECHT90/Points.html]
[info.cern.ch/hypertext/WWW/DesignIssues/Uses.html]
[info.cern.ch/hypertext/WWW/DesignIssues/Availability.html]
[info.cern.ch/hypertext/WWW/DesignIssues/Notification.html]
[info.cern.ch/hypertext/WWW/DesignIssues/LinkTypes.html]
[info.cern.ch/hypertext/WWW/DesignIssues/Caching.html]
[info.cern.ch/hypertext/WWW/DesignIssues/ToBeThoughtOf.html]
[info.cern.ch/hypertext/WWW/DesignIssues/RCcomments.html]
[info.cern.ch/hypertext/WWW/DesignIssues/Function.html]
[info.cern.ch/hypertext/WWW/DesignIssues/ProtocolVersions.html]
[info.cern.ch/hypertext/WWW/MarkUp/HTRQ.html]
[info.cern.ch/hypertext/WWW/Protocols/HTTP/HTTP2.html]
[info.cern.ch/hypertext/WWW/Architecture/Browser.html]
[info.cern.ch/hypertext/WWW/Architecture/Letter_1.html]
[info.cern.ch/hypertext/DataSources/News/news.html]
[info.cern.ch/hypertext/WWW/Project/Language.html]
[info.cern.ch/hypertext/WWW/Project/Macros.html]
[info.cern.ch/hypertext/WWW/Project/ModuleHeader.html]
[info.cern.ch/hypertext/WWW/Project/Modules.html]
[info.cern.ch/hypertext/WWW/Project/Headings.html]
[info.cern.ch/hypertext/WWW/Project/Body.html]
[info.cern.ch/hypertext/WWW/Project/Identifiers.html]
[info.cern.ch/hypertext/WWW/Project/UseOfCVS.html]
[info.cern.ch/hypertext/WWW/Project/IncludeFiles.html]
[info.cern.ch/hypertext/WWW/Project/Directories.html]
[info.cern.ch/hypertext/WWW/Project/CodingMarks.html]
[info.cern.ch/hypertext/WWW/CodingStandards.html]
[info.cern.ch/hypertext/WWW/Talks/Summary.html]
[info.cern.ch/hypertext/WWW/Talks/NeXT_Browser.html]
[info.cern.ch/hypertext/WWW/Talks/LineMode.html]
[info.cern.ch/hypertext/WWW/Talks/FINDGateway.html]
[info.cern.ch/hypertext/WWW/Talks/Overview.html]
[info.cern.ch/hypertext/WWW/Talks/C5_Committee.html]
[info.cern.ch/hypertext/WWW/Talks/C5_Questions.html]
[info.cern.ch/hypertext/WWW/Talks/Available.html]
[info.cern.ch/hypertext/WWW/Talks/ToCome.html]
[info.cern.ch/hypertext/WWW/Talks/FIND_1.html]
[info.cern.ch/hypertext/WWW/Talks/C5_conclusion.html]
[info.cern.ch/hypertext/WWW/Talks/Introduction.html]
[info.cern.ch/hypertext/WWW/Talks/Technical.html]
[info.cern.ch/hypertext/WWW/Talks/Seminar_LM.html]
[info.cern.ch/hypertext/Conferences/ECHT90/Programme.html]
[info.cern.ch/hypertext/Conferences/HT91/Courses/C9_Outline.html]
[info.cern.ch/hypertext/Conferences/HT91/PosterPrep.html]
[info.cern.ch/hypertext/Conferences/HT91/Denoers.html]
[info.cern.ch/hypertext/Conferences/JENC92/Demonstrations/Timetable.html]
[info.cern.ch/hypertext/Conferences/JENC92/Demonstrations/Brunel.html]
[info.cern.ch/hypertext/Conferences/JENC92/Demonstrations/DS-MHS.html]
[info.cern.ch/hypertext/Conferences/JENC92/Demonstrations/Consice.html]
[info.cern.ch/hypertext/Conferences/JENC92/TuesdayAM.html]
[info.cern.ch/hypertext/Conferences/JENC92/Demonstrations/BIDS.html]
[info.cern.ch/hypertext/Conferences/JENC92/Switch.html]
[info.cern.ch/hypertext/Conferences/JENC92/Demonstrations/Merit.html]
[info.cern.ch/hypertext/Conferences/JENC92/TuesdayPM.html]
[info.cern.ch/hypertext/Conferences/JENC92/Demonstrations/Y-NET.html]
[info.cern.ch/hypertext/Conferences/JENC92/ThursdayAM.html]
[info.cern.ch/hypertext/Conferences/JENC92/Demonstrations/S2-2.html]
[info.cern.ch/hypertext/Conferences/JENC92/Demonstrations/EAN-GUI.html]
[info.cern.ch/hypertext/Conferences/JENC92/Demonstrations/Argosi.html]
[info.cern.ch/hypertext/Conferences/JENC92/Demonstrations/Muftic.html]
[info.cern.ch/hypertext/Conferences/JENC92/MondayPM.html]
[info.cern.ch/hypertext/Conferences/JENC92/Demonstrations/Introductions.html]
[info.cern.ch/hypertext/Conferences/JENC92/WednesdayPM.html]
[info.cern.ch/hypertext/WWW/LineMode/Defaults/Installation_VMS.html]
[info.cern.ch/hypertext/WWW/LineMode/Defaults/MachineTypes.html]
[info.cern.ch/hypertext/WWW/LineMode/Defaults/Porting.html]
[info.cern.ch/hypertext/WWW/LineMode/Defaults/InstallNotSU.html]
[info.cern.ch/hypertext/WWW/Viola/violaWWWAbout.html]
[info.cern.ch/hypertext/WWW/Viola/violaWWWHelp.html]
[info.cern.ch/hypertext/WWW/DesignIssues/LinkToLiving.html]
[info.cern.ch/hypertext/Conferences/ECHT90/Structured.html]
[info.cern.ch/hypertext/WWW/DesignIssues/ManyIndexes.html]
[info.cern.ch/hypertext/Conferences/ECHT90/HTandIR.html]
[info.cern.ch/hypertext/WWW/DesignIssues/TracingLinks.html]
[info.cern.ch/hypertext/WWW/DesignIssues/Annotation.html]
[info.cern.ch/hypertext/Conferences/NSC92/Venue.html]
[info.cern.ch/hypertext/Conferences/NSC92/papersSolicited.html]
[info.cern.ch/hypertext/Conferences/NSC92/PostersAndDemosSolicited.html]
[info.cern.ch/hypertext/Conferences/NSC92/FurtherInformation.html]
[info.cern.ch/hypertext/Conferences/NSC92/Committees.html]
[info.cern.ch/hypertext/Conferences/JENC92/BOFs.html]
[info.cern.ch/hypertext/Conferences/IETF92/JillFoster.html]
[info.cern.ch/hypertext/Conferences/IETF92/WWX_BOF_mins.html]
[info.cern.ch/hypertext/Conferences/IETF92/IAFA-BOF.html]
[info.cern.ch/hypertext/Conferences/IETF92/LivingDocuments.html]
[info.cern.ch/hypertext/Conferences/ECHT90/Tutorial6.html]
[info.cern.ch/hypertext/Products/Dynatext/EBT-2.html]
[info.cern.ch/hypertext/DataSources/Available.html]
[info.cern.ch/hypertext/DataSources/Archives/Help.html]
[info.cern.ch/hypertext/DataSources/Archives/Overview.html]
[info.cern.ch/hypertext/DataSources/Mailbase/UserGuide/Overview.html]
[info.cern.ch/hypertext/DataSources/LISTSERV/Overview.html]
[info.cern.ch/hypertext/DataSources/LISTSERV_2/Overview.html]
[info.cern.ch/hypertext/DataSources/Archives/Prospero.html]
[info.cern.ch/hypertext/DataSources/whois/help.html]
[info.cern.ch/hypertext/DataSources/NetFind/Overview.html]
[info.cern.ch/hypertext/DataSources/ASTRA.html]
[info.cern.ch/hypertext/DataSources/COSINE/RARE-WG3.html]
[info.cern.ch/hypertext/DataSources/CONCISE/help.html]
[info.cern.ch/hypertext/DataSources/TexInfo/Overview.html]
[info.cern.ch/hypertext/Products/IRProducts/LQ-Text/Overview.html]
[info.cern.ch/hypertext/Products/Gopher/headers.html]
[info.cern.ch/hypertext/Products/WAIS/Kahle.html]
[info.cern.ch/hypertext/Products/WAIS/Releaseb.html]
[info.cern.ch/hypertext/Products/WAIS/Digest_06.html]
[info.cern.ch/hypertext/Products/WAIS/Release_b2.html]
[info.cern.ch/hypertext/Products/Xanadu/XOC.html]
[info.cern.ch/hypertext/Conferences/ECHT90/Exhibition.html]
[info.cern.ch/hypertext/Products/Guide/fax.html]
[info.cern.ch/hypertext/Conferences/ECHT90/Participants.html]
[info.cern.ch/hypertext/Conferences/ECHT90/Journals.html]
[info.cern.ch/hypertext/Conferences/ECHT90/GlasgowOnline.html]
[info.cern.ch/hypertext/Conferences/ECHT90/tutorial8.html]
[info.cern.ch/hypertext/Conferences/ECHT90/Perseus.html]
[info.cern.ch/hypertext/WWW/Protocols/WhyHTTP.html]
[info.cern.ch/hypertext/WWW/Protocols/DesignIssues.html]
[info.cern.ch/hypertext/WWW/Protocols/Penalties.html]
[www.fred.com/junk/junk.2d8.delayed]
[info.cern.ch/hypertext/WWW/Protocols/HTTP/Ex1.html]
[info.cern.ch/hypertext/WWW/MarkUp/AAP.html]
[info.cern.ch/hypertext/WWW/MarkUp/SGML/Darmstadt.html]
[info.cern.ch/hypertext/WWW/LineMode/Defaults/SourceExamples.html]
[info.cern.ch/hypertext/WWW/MarkUp/Connolly/Text.html]
[info.cern.ch/hypertext/WWW/MarkUp/Connolly/recommended.html]
[info.cern.ch/hypertext/WWW/MarkUp/Connolly/complete.html]
[info.cern.ch/hypertext/WWW/MarkUp/Connolly/tolerated.html]
[info.cern.ch/hypertext/WWW/MarkUp/Connolly/deprecated.html]
[info.cern.ch/hypertext/WWW/MarkUp/Connolly/errors.html]
[info.cern.ch/hypertext/WWW/MarkUp/Connolly/supported.html]
[info.cern.ch/hypertext/DataSources/News/AboutLists.html]
[info.cern.ch/hypertext/DataSources/News/Groups/alt.html]
[info.cern.ch/hypertext/DataSources/News/Groups/bionet.html]
[info.cern.ch/hypertext/DataSources/News/Groups/bit.html]
[info.cern.ch/hypertext/DataSources/News/Groups/biz.html]
[info.cern.ch/hypertext/DataSources/News/Groups/cern.html]
[info.cern.ch/hypertext/DataSources/News/Groups/fnal.html]
[info.cern.ch/hypertext/DataSources/News/Groups/ch.html]
[info.cern.ch/hypertext/DataSources/News/Groups/de.html]
[info.cern.ch/hypertext/DataSources/News/Groups/eunet.html]
[info.cern.ch/hypertext/DataSources/News/Groups/gnu.html]
[info.cern.ch/hypertext/DataSources/News/Groups/hepnet.html]
[info.cern.ch/hypertext/DataSources/News/Groups/desy.html]
[info.cern.ch/hypertext/DataSources/News/Groups/kek.html]
[info.cern.ch/hypertext/DataSources/News/Groups/lbl.html]
[info.cern.ch/hypertext/DataSources/News/Groups/slac.html]
[info.cern.ch/hypertext/DataSources/News/Groups/ssc.html]
[info.cern.ch/hypertext/DataSources/News/Groups/k12.html]
[info.cern.ch/hypertext/DataSources/News/Groups/misc.html]
[info.cern.ch/hypertext/DataSources/News/Groups/news.html]
[info.cern.ch/hypertext/DataSources/News/Groups/!pubnet.html]
[info.cern.ch/hypertext/DataSources/News/Groups/rec.html]
[info.cern.ch/hypertext/DataSources/News/Groups/sci.html]
[info.cern.ch/hypertext/DataSources/News/Groups/soc.html]
[info.cern.ch/hypertext/DataSources/News/Groups/talk.html]
[info.cern.ch/hypertext/DataSources/News/Groups/vmsnet.html]
[info.cern.ch/hypertext/DataSources/News/Groups/!unix-pc.html]
[info.cern.ch/hypertext/DataSources/News/Groups/control.html]
[info.cern.ch/hypertext/DataSources/News/Groups/ddn.html]
[info.cern.ch/hypertext/DataSources/News/Groups/general.html]
[info.cern.ch/hypertext/DataSources/News/Groups/ieee.html]
[info.cern.ch/hypertext/DataSources/News/Groups/info.html]
[info.cern.ch/hypertext/DataSources/News/Groups/junk.html]
[info.cern.ch/hypertext/DataSources/News/Groups/relcom.html]
[info.cern.ch/hypertext/DataSources/News/Groups/sco.html]
[info.cern.ch/hypertext/DataSources/News/Groups/srg.html]
[info.cern.ch/hypertext/DataSources/News/Groups/trial.html]
[info.cern.ch/hypertext/DataSources/News/Groups/u3b.html]
[info.cern.ch/hypertext/DataSources/CONCISE/UserGuide/Commands/Overview.html]
[info.cern.ch/hypertext/DataSources/Internet.html]
[info.cern.ch/hypertext/DataSources/CONCISE/UserGuide/Start.html]
[info.cern.ch/hypertext/DataSources/CONCISE/UserGuide/Stored.html]
[info.cern.ch/hypertext/DataSources/CONCISE/UserGuide/Structured.html]
[info.cern.ch/hypertext/DataSources/CONCISE/UserGuide/Advanced.html]
[info.cern.ch/hypertext/DataSources/CONCISE/UserGuide/Examples.html]
[info.cern.ch/hypertext/DataSources/CONCISE/UserGuide/Help.html]
[info.cern.ch/hypertext/DataSources/News/alt.html]
[info.cern.ch/hypertext/DataSources/News/bionet.html]
[info.cern.ch/hypertext/DataSources/News/bit.html]
[info.cern.ch/hypertext/DataSources/News/biz.html]
[info.cern.ch/hypertext/DataSources/News/cern.html]
[info.cern.ch/hypertext/DataSources/News/ch.html]
[info.cern.ch/hypertext/DataSources/News/eunet.html]
[info.cern.ch/hypertext/DataSources/News/gnu.html]
[info.cern.ch/hypertext/DataSources/News/misc.html]
[info.cern.ch/hypertext/DataSources/News/rec.html]
[info.cern.ch/hypertext/DataSources/News/sci.html]
[info.cern.ch/hypertext/DataSources/News/soc.html]
[info.cern.ch/hypertext/DataSources/News/talk.html]
[info.cern.ch/hypertext/DataSources/News/vms.html]
[info.cern.ch/hypertext/DataSources/News/OtherGroups/Overview.html]
[info.cern.ch/hypertext/DataSources/bySubject/Physics/Conferences/Caribbean93/Overview.html]
[info.cern.ch/hypertext/WWW/LineMode/Defaults/VMS_Shortcuts.html]
[info.cern.ch/hypertext/WWW/LineMode/Defaults/EnvVariables.html]
[info.cern.ch/hypertext/WWW/LineMode/Defaults/GlobalV.html]
[info.cern.ch/hypertext/WWW/Daemon/User/Inetd.html]
[info.cern.ch/hypertext/WWW/Daemon/User/PrivilegedPorts.html]
[info.cern.ch/hypertext/WWW/Daemon/User/RuleExamples.html]
[info.cern.ch/hypertext/WWW/Daemon/User/CannotConnect.html]
[info.cern.ch/hypertext/WWW/Daemon/User/EmptyDoc.html]
[info.cern.ch/hypertext/WWW/Daemon/User/NoAccess.html]
[info.cern.ch/hypertext/WWW/Daemon/User/BadOutput.html]
[info.cern.ch/hypertext/Erwise/vsViola.html]
[info.cern.ch/hypertext/Viola/Review_0.html]
[info.cern.ch/hypertext/Viola/AtCERN.html]
[info.cern.ch/hypertext/WWW/Architecture/BrowserOperation.html]
[info.cern.ch/hypertext/WWW/Architecture/UtilityOverview.html]
[info.cern.ch/hypertext/WWW/Architecture/Anchors.html]
[info.cern.ch/hypertext/WWW/NeXT/CommonStyles.html]
[info.cern.ch/hypertext/Products/WAIS/Sources/SourceList.html]
[info.cern.ch/hypertext/Products/WAIS/Sources/WAIS.html]
[info.cern.ch/hypertext/WWW/StoringLinks.html]
[info.cern.ch/hypertext/Conferences/ECHT90/Standardisation.html]
[info.cern.ch/hypertext/WWW/MarkUp/HTRQ/Profile.html]
[info.cern.ch/hypertext/DataSources/News/fullnews.html]
[info.cern.ch/hypertext/Conferences/ECHT90/Authors.html]
[info.cern.ch/hypertext/Conferences/ECHT90/Pap01.html]
[info.cern.ch/hypertext/Conferences/ECHT90/Pap02.html]
[info.cern.ch/hypertext/Conferences/ECHT90/Pap03.html]
[info.cern.ch/hypertext/Conferences/ECHT90/Pap04.html]
[info.cern.ch/hypertext/Conferences/ECHT90/Pap05.html]
[info.cern.ch/hypertext/Conferences/ECHT90/Pap06.html]
[info.cern.ch/hypertext/Conferences/ECHT90/Pap07.html]
[info.cern.ch/hypertext/Conferences/ECHT90/Pap08.html]
[info.cern.ch/hypertext/Conferences/ECHT90/Pap09.html]
[info.cern.ch/hypertext/Conferences/ECHT90/Pap10.html]
[info.cern.ch/hypertext/Conferences/ECHT90/Pan4.html]
[info.cern.ch/hypertext/Conferences/ECHT90/Pan5.html]
[info.cern.ch/hypertext/Conferences/ECHT90/Pan6.html]
[info.cern.ch/hypertext/WWW/LineMode/Defaults/Installation_VMS_NewTCP.html]
[info.cern.ch/hypertext/WWW/LineMode/Defaults/Path.html]
[info.cern.ch/hypertext/WWW/LineMode/Defaults/LoginScript.html]
[info.cern.ch/hypertext/Conferences/IETF92/WWX_BOF.html]
[info.cern.ch/hypertext/Conferences/IETF92/WWX_BOF_Sollins.html]
[info.cern.ch/hypertext/DataSources/Archives/HelpProg.html]
[info.cern.ch/hypertext/DataSources/Archives/HCI_Bibliography/HCI_Bibliography.html]
[info.cern.ch/hypertext/DataSources/Bruno/Newsletter.html]
[info.cern.ch/hypertext/DataSources/Mailbase/UserGuide/Addresses.html]
[info.cern.ch/hypertext/DataSources/Mailbase/UserGuide/Lists.html]
[info.cern.ch/hypertext/DataSources/Mailbase/UserGuide/Commands.html]
[info.cern.ch/hypertext/DataSources/Mailbase/UserGuide/Hints.html]
[info.cern.ch/hypertext/DataSources/LISTSERV/lead.html]
[info.cern.ch/hypertext/DataSources/whois/Keywords.html]
[info.cern.ch/hypertext/Products/WAIS/TMC.html]
[info.cern.ch/hypertext/Products/WAIS/Mucci.html]
[info.cern.ch/hypertext/Products/Microcosm.html]
[info.cern.ch/hypertext/DataSources/CONCISE/UserGuide/Commands/GettingHelp.html]
[info.cern.ch/hypertext/DataSources/CONCISE/UserGuide/Commands/MovingAround.html]
[info.cern.ch/hypertext/DataSources/CONCISE/UserGuide/Commands/GettingIndexes.html]
[info.cern.ch/hypertext/DataSources/CONCISE/UserGuide/Commands/Information.html]
[info.cern.ch/hypertext/DataSources/CONCISE/UserGuide/Commands/Searching.html]
[info.cern.ch/hypertext/DataSources/CONCISE/UserGuide/Commands/Comment.html]
[info.cern.ch/hypertext/DataSources/CONCISE/UserGuide/Commands/Register.html]
[info.cern.ch/hypertext/DataSources/News/OtherGroups/control.html]
[info.cern.ch/hypertext/DataSources/News/OtherGroups/ddn.html]
[info.cern.ch/hypertext/DataSources/News/OtherGroups/de.html]
[info.cern.ch/hypertext/DataSources/News/OtherGroups/desy.html]
[info.cern.ch/hypertext/DataSources/News/OtherGroups/general.html]
[info.cern.ch/hypertext/DataSources/News/OtherGroups/hepnet.html]
[info.cern.ch/hypertext/DataSources/News/OtherGroups/ieee.html]
[info.cern.ch/hypertext/DataSources/News/OtherGroups/info.html]
[info.cern.ch/hypertext/DataSources/News/OtherGroups/junk.html]
[info.cern.ch/hypertext/DataSources/News/OtherGroups/k12.html]
[info.cern.ch/hypertext/DataSources/News/OtherGroups/kek.html]
[info.cern.ch/hypertext/DataSources/News/OtherGroups/lbl.html]
[info.cern.ch/hypertext/DataSources/News/OtherGroups/relcom.html]
[info.cern.ch/hypertext/DataSources/News/OtherGroups/sco.html]
[info.cern.ch/hypertext/DataSources/News/OtherGroups/slac.html]
[info.cern.ch/hypertext/DataSources/News/OtherGroups/srg.html]
[info.cern.ch/hypertext/DataSources/News/OtherGroups/ssc.html]
[info.cern.ch/hypertext/DataSources/News/OtherGroups/trial.html]
[info.cern.ch/hypertext/DataSources/News/OtherGroups/u3b.html]
[info.cern.ch/hypertext/DataSources/Bruno/Overview.html]
[info.cern.ch/hypertext/DataSources/whois/Names.html]
[info.cern.ch/hypertext/DataSources/whois/Mailboxes.html]
[info.cern.ch/hypertext/DataSources/whois/RecordTypes.html]
[info.cern.ch/hypertext/DataSources/whois/OutputKeywords.html]
[info.cern.ch/hypertext/Products/WAIS/Owen.html]
[info.cern.ch/hypertext/Products/WAIS/Linoff.html]
[info.cern.ch/hypertext/Products/WAIS/Waltz.html]
[info.cern.ch/hypertext/DataSources/Bruno/Mailserver.html]
[info.cern.ch/hypertext/DataSources/whois/Subdisplays.html]
